// Jest Snapshot v1, https://goo.gl/fbAQLP

exports[`Collection should render the CollectionPage component 1`] = `ShallowWrapper {}`;
